C:\windows\system32>node -v
v10.24.1

C:\windows\system32>gulp trust-dev-cert
[12:49:25] Local gulp not found in C:\windows\system32
[12:49:25] Try running: npm install gulp

C:\windows\system32>npm install gulp yo @microsoft/generator-sharepoint --global
npm WARN deprecated resolve-url@0.2.1: https://github.com/lydell/resolve-url#deprecated
npm WARN deprecated urix@0.1.0: Please see https://github.com/lydell/urix#deprecated
npm WARN deprecated chokidar@2.1.8: Chokidar 2 will break on node v14+. Upgrade to chokidar 3 with 15x less dependencies.
npm WARN deprecated fsevents@1.2.13: fsevents 1 will break on node v14+ and could be using insecure binaries. Upgrade to fsevents 2.
npm WARN deprecated request@2.88.2: request has been deprecated, see https://github.com/request/request/issues/3142
npm WARN deprecated har-validator@5.1.5: this library is no longer supported
npm WARN deprecated cross-spawn-async@2.2.5: cross-spawn no longer requires a build toolchain, use it instead
C:\Users\ksingh318\AppData\Roaming\npm\gulp -> C:\Users\ksingh318\AppData\Roaming\npm\node_modules\gulp\bin\gulp.js
C:\Users\ksingh318\AppData\Roaming\npm\yo-complete -> C:\Users\ksingh318\AppData\Roaming\npm\node_modules\yo\lib\completion\index.js
C:\Users\ksingh318\AppData\Roaming\npm\yo -> C:\Users\ksingh318\AppData\Roaming\npm\node_modules\yo\lib\cli.js

> yo@3.1.1 postinstall C:\Users\ksingh318\AppData\Roaming\npm\node_modules\yo
> yodoctor


Yeoman Doctor
Running sanity checks on your system

√ No .bowerrc file in home directory
√ Global configuration file is valid
√ NODE_PATH matches the npm root
√ No .yo-rc.json file in home directory
√ Node.js version
{ RequestError: unable to get local issuer certificate
    at ClientRequest.req.once.err (C:\Users\ksingh318\AppData\Roaming\npm\node_modules\yo\node_modules\latest-version\node_modules\got\index.js:73:21)
    at Object.onceWrapper (events.js:286:20)
    at ClientRequest.emit (events.js:198:13)
    at ClientRequest.EventEmitter.emit (domain.js:448:20)
    at TLSSocket.socketErrorListener (_http_client.js:401:9)
    at TLSSocket.emit (events.js:198:13)
    at TLSSocket.EventEmitter.emit (domain.js:448:20)
    at emitErrorNT (internal/streams/destroy.js:91:8)
    at emitErrorAndCloseNT (internal/streams/destroy.js:59:3)
    at process._tickCallback (internal/process/next_tick.js:63:19)
  code: 'UNABLE_TO_GET_ISSUER_CERT_LOCALLY',
  message: 'unable to get local issuer certificate',
  host: 'registry.npmjs.org',
  hostname: 'registry.npmjs.org',
  method: 'GET',
  path: '/yo' }
× yo version
{ RequestError: unable to get local issuer certificate
    at ClientRequest.req.once.err (C:\Users\ksingh318\AppData\Roaming\npm\node_modules\yo\node_modules\latest-version\node_modules\got\index.js:73:21)
    at Object.onceWrapper (events.js:286:20)
    at ClientRequest.emit (events.js:198:13)
    at ClientRequest.EventEmitter.emit (domain.js:448:20)
    at TLSSocket.socketErrorListener (_http_client.js:401:9)
    at TLSSocket.emit (events.js:198:13)
    at TLSSocket.EventEmitter.emit (domain.js:448:20)
    at emitErrorNT (internal/streams/destroy.js:91:8)
    at emitErrorAndCloseNT (internal/streams/destroy.js:59:3)
    at process._tickCallback (internal/process/next_tick.js:63:19)
  code: 'UNABLE_TO_GET_ISSUER_CERT_LOCALLY',
  message: 'unable to get local issuer certificate',
  host: 'registry.npmjs.org',
  hostname: 'registry.npmjs.org',
  method: 'GET',
  path: '/yo' }
√ npm version

Found potential issues on your machine :(
npm WARN notsup Unsupported engine for got@5.7.1: wanted: {"node":">=0.10.0 <7"} (current: {"node":"10.24.1","npm":"6.14.12"})
npm WARN notsup Not compatible with your version of node/npm: got@5.7.1
npm WARN optional SKIPPING OPTIONAL DEPENDENCY: fsevents@^1.2.7 (node_modules\gulp\node_modules\chokidar\node_modules\fsevents):
npm WARN notsup SKIPPING OPTIONAL DEPENDENCY: Unsupported platform for fsevents@1.2.13: wanted {"os":"darwin","arch":"any"} (current: {"os":"win32","arch":"x64"})

+ gulp@4.0.2
+ yo@3.1.1
+ @microsoft/generator-sharepoint@1.11.0
updated 3 packages in 73.853s

C:\windows\system32>gulp trust-dev-cert
[12:51:41] Local gulp not found in C:\windows\system32
[12:51:41] Try running: npm install gulp

C:\windows\system32> cd C:\Users\ksingh318\SPFX

C:\Users\ksingh318\SPFX>gulp trust-dev-cert
[12:53:06] Local gulp not found in ~\SPFX
[12:53:06] Try running: npm install gulp

C:\Users\ksingh318\SPFX>npm config set strict-ssl false

C:\Users\ksingh318\SPFX>gulp trust-dev-cert
[12:53:34] Local gulp not found in ~\SPFX
[12:53:34] Try running: npm install gulp

C:\Users\ksingh318\SPFX>npm install gulp yo @microsoft/generator-sharepoint --global
npm WARN deprecated urix@0.1.0: Please see https://github.com/lydell/urix#deprecated
npm WARN deprecated resolve-url@0.2.1: https://github.com/lydell/resolve-url#deprecated
npm WARN deprecated chokidar@2.1.8: Chokidar 2 will break on node v14+. Upgrade to chokidar 3 with 15x less dependencies.
npm WARN deprecated fsevents@1.2.13: fsevents 1 will break on node v14+ and could be using insecure binaries. Upgrade to fsevents 2.
npm WARN deprecated request@2.88.2: request has been deprecated, see https://github.com/request/request/issues/3142
npm WARN deprecated har-validator@5.1.5: this library is no longer supported
npm WARN deprecated cross-spawn-async@2.2.5: cross-spawn no longer requires a build toolchain, use it instead
C:\Users\ksingh318\AppData\Roaming\npm\gulp -> C:\Users\ksingh318\AppData\Roaming\npm\node_modules\gulp\bin\gulp.js
C:\Users\ksingh318\AppData\Roaming\npm\yo-complete -> C:\Users\ksingh318\AppData\Roaming\npm\node_modules\yo\lib\completion\index.js
C:\Users\ksingh318\AppData\Roaming\npm\yo -> C:\Users\ksingh318\AppData\Roaming\npm\node_modules\yo\lib\cli.js

> yo@3.1.1 postinstall C:\Users\ksingh318\AppData\Roaming\npm\node_modules\yo
> yodoctor


Yeoman Doctor
Running sanity checks on your system

√ No .bowerrc file in home directory
√ Global configuration file is valid
√ NODE_PATH matches the npm root
√ No .yo-rc.json file in home directory
√ Node.js version
{ RequestError: unable to get local issuer certificate
    at ClientRequest.req.once.err (C:\Users\ksingh318\AppData\Roaming\npm\node_modules\yo\node_modules\latest-version\node_modules\got\index.js:73:21)
    at Object.onceWrapper (events.js:286:20)
    at ClientRequest.emit (events.js:198:13)
    at ClientRequest.EventEmitter.emit (domain.js:448:20)
    at TLSSocket.socketErrorListener (_http_client.js:401:9)
    at TLSSocket.emit (events.js:198:13)
    at TLSSocket.EventEmitter.emit (domain.js:448:20)
    at emitErrorNT (internal/streams/destroy.js:91:8)
    at emitErrorAndCloseNT (internal/streams/destroy.js:59:3)
    at process._tickCallback (internal/process/next_tick.js:63:19)
  code: 'UNABLE_TO_GET_ISSUER_CERT_LOCALLY',
  message: 'unable to get local issuer certificate',
  host: 'registry.npmjs.org',
  hostname: 'registry.npmjs.org',
  method: 'GET',
  path: '/yo' }
× yo version
{ RequestError: unable to get local issuer certificate
    at ClientRequest.req.once.err (C:\Users\ksingh318\AppData\Roaming\npm\node_modules\yo\node_modules\latest-version\node_modules\got\index.js:73:21)
    at Object.onceWrapper (events.js:286:20)
    at ClientRequest.emit (events.js:198:13)
    at ClientRequest.EventEmitter.emit (domain.js:448:20)
    at TLSSocket.socketErrorListener (_http_client.js:401:9)
    at TLSSocket.emit (events.js:198:13)
    at TLSSocket.EventEmitter.emit (domain.js:448:20)
    at emitErrorNT (internal/streams/destroy.js:91:8)
    at emitErrorAndCloseNT (internal/streams/destroy.js:59:3)
    at process._tickCallback (internal/process/next_tick.js:63:19)
  code: 'UNABLE_TO_GET_ISSUER_CERT_LOCALLY',
  message: 'unable to get local issuer certificate',
  host: 'registry.npmjs.org',
  hostname: 'registry.npmjs.org',
  method: 'GET',
  path: '/yo' }
√ npm version

Found potential issues on your machine :(
npm WARN notsup Unsupported engine for got@5.7.1: wanted: {"node":">=0.10.0 <7"} (current: {"node":"10.24.1","npm":"6.14.12"})
npm WARN notsup Not compatible with your version of node/npm: got@5.7.1
npm WARN optional SKIPPING OPTIONAL DEPENDENCY: fsevents@^1.2.7 (node_modules\gulp\node_modules\chokidar\node_modules\fsevents):
npm WARN notsup SKIPPING OPTIONAL DEPENDENCY: Unsupported platform for fsevents@1.2.13: wanted {"os":"darwin","arch":"any"} (current: {"os":"win32","arch":"x64"})

+ yo@3.1.1
+ gulp@4.0.2
+ @microsoft/generator-sharepoint@1.11.0
updated 3 packages in 59.273s

C:\Users\ksingh318\SPFX>gulp trust-dev-cert
[12:54:51] Local gulp not found in ~\SPFX
[12:54:51] Try running: npm install gulp

C:\Users\ksingh318\SPFX>npm install gulp
npm WARN deprecated chokidar@2.1.8: Chokidar 2 will break on node v14+. Upgrade to chokidar 3 with 15x less dependencies.
npm WARN deprecated resolve-url@0.2.1: https://github.com/lydell/resolve-url#deprecated
npm WARN deprecated urix@0.1.0: Please see https://github.com/lydell/urix#deprecated
npm WARN deprecated fsevents@1.2.13: fsevents 1 will break on node v14+ and could be using insecure binaries. Upgrade to fsevents 2.
npm WARN saveError ENOENT: no such file or directory, open 'C:\Users\ksingh318\SPFX\package.json'
npm notice created a lockfile as package-lock.json. You should commit this file.
npm WARN optional SKIPPING OPTIONAL DEPENDENCY: fsevents@^1.2.7 (node_modules\chokidar\node_modules\fsevents):
npm WARN notsup SKIPPING OPTIONAL DEPENDENCY: Unsupported platform for fsevents@1.2.13: wanted {"os":"darwin","arch":"any"} (current: {"os":"win32","arch":"x64"})
npm WARN enoent ENOENT: no such file or directory, open 'C:\Users\ksingh318\SPFX\package.json'
npm WARN SPFX No description
npm WARN SPFX No repository field.
npm WARN SPFX No README data
npm WARN SPFX No license field.

+ gulp@4.0.2
added 326 packages from 226 contributors and audited 327 packages in 30.204s

7 packages are looking for funding
  run `npm fund` for details

found 0 vulnerabilities


C:\Users\ksingh318\SPFX>gulp trust-dev-cert
[12:55:46] No gulpfile found

C:\Users\ksingh318\SPFX>yo @microsoft/sharepoint
? ==========================================================================
We're constantly looking for ways to make yo better!
May we anonymously report usage statistics to improve the tool over time?
More info: https://github.com/yeoman/insight & http://yeoman.io
========================================================================== No

     _-----_
    |       |    .--------------------------.
    |--(o)--|    |      Welcome to the      |
   `---------´   |  SharePoint Client-side  |
    ( _´U`_ )    |    Solution Generator    |
    /___A___\    '--------------------------'
     |  ~  |
   __'.___.'__
 ´   `  |° ´ Y `

Let's create a new SharePoint solution.
? What is your solution name? FirstProject
? Which baseline packages do you want to target for your component(s)? SharePoint Online only (latest)
? Where do you want to place the files? Use the current folder
Found npm version 6.14.12
? Do you want to allow the tenant admin the choice of being able to deploy the solution to all sites immediately without
 running any feature deployment or adding apps in sites? No
? Will the components in the solution require permissions to access web APIs that are unique and not shared with other c
omponents in the tenant? No
? Which type of client-side component to create? WebPart
Add new Web part to solution first-project.
? What is your Web part name? FirstJs
? What is your Web part description? FirstWeb Description
? Which framework would you like to use? React

   create package.json
   create config\package-solution.json
   create config\config.json
   create config\serve.json
   create tsconfig.json
   create .vscode\extensions.json
   create .vscode\launch.json
   create .vscode\settings.json
   create config\copy-assets.json
   create config\deploy-azure-storage.json
   create config\write-manifests.json
   create src\index.ts
   create gulpfile.js
   create README.md
   create tslint.json
   create .editorconfig
   create .gitignore
   create src\webparts\firstJs\components\IFirstJsProps.ts
   create src\webparts\firstJs\components\FirstJs.module.scss
   create src\webparts\firstJs\components\FirstJs.tsx
   create src\webparts\firstJs\FirstJsWebPart.ts
   create src\webparts\firstJs\loc\en-us.js
   create src\webparts\firstJs\loc\mystrings.d.ts
   create src\webparts\firstJs\FirstJsWebPart.manifest.json
   create teams\273f3b2d-1db9-4888-8175-771eb0584e1c_outline.png
   create teams\273f3b2d-1db9-4888-8175-771eb0584e1c_color.png

npm WARN deprecated gulp-util@3.0.8: gulp-util is deprecated - replace it, following the guidelines at https://medium.com/gulpjs/gulp-util-ca3b1f9f9ac5
npm WARN deprecated minimatch@2.0.10: Please update to minimatch 3.0.2 or higher to avoid a RegExp DoS issue
npm WARN deprecated natives@1.1.6: This module relies on Node.js's internals and will break at some point. Do not use it, and update to graceful-fs@4.x.
npm WARN deprecated request@2.88.2: request has been deprecated, see https://github.com/request/request/issues/3142
npm WARN deprecated left-pad@1.3.0: use String.prototype.padStart()
npm WARN deprecated request-promise-native@1.0.9: request-promise-native has been deprecated because it extends the now deprecated request package, see https://github.com/request/request/issues/3142
npm WARN deprecated es6-collections@0.5.6: not actively maintained anymore
npm WARN deprecated har-validator@5.1.5: this library is no longer supported
npm WARN deprecated core-js@1.2.7: core-js@<3 is no longer maintained and not recommended for usage due to the number of issues. Please, upgrade your dependencies to the actual version of core-js@3.
npm WARN deprecated mkdirp@0.5.1: Legacy versions of mkdirp are no longer supported. Please update to mkdirp 1.x. (Note that the API surface has changed to use Promises in 1.x.)
npm WARN deprecated minimatch@0.2.14: Please update to minimatch 3.0.2 or higher to avoid a RegExp DoS issue
npm WARN deprecated mkdirp-promise@5.0.1: This package is broken and no longer maintained. 'mkdirp' itself supports promises now, please switch to that.
npm WARN deprecated kleur@2.0.2: Please upgrade to kleur@3 or migrate to 'ansi-colors' if you prefer the old syntax. Visit <https://github.com/lukeed/kleur/releases/tag/v3.0.0\> for migration path(s).
npm WARN deprecated graceful-fs@1.2.3: please upgrade to graceful-fs 4 for compatibility with current and future versions of Node.js
npm WARN deprecated core-js@2.6.12: core-js@<3 is no longer maintained and not recommended for usage due to the number of issues. Please, upgrade your dependencies to the actual version of core-js@3.
npm WARN deprecated chokidar@2.1.8: Chokidar 2 will break on node v14+. Upgrade to chokidar 3 with 15x less dependencies.
npm WARN deprecated fsevents@1.2.13: fsevents 1 will break on node v14+ and could be using insecure binaries. Upgrade to fsevents 2.
npm WARN deprecated resolve-url@0.2.1: https://github.com/lydell/resolve-url#deprecated
npm WARN deprecated urix@0.1.0: Please see https://github.com/lydell/urix#deprecated

> deasync@0.1.21 install C:\Users\ksingh318\SPFX\node_modules\deasync
> node ./build.js

`win32-x64-node-10` exists; testing
Binary is fine; exiting

> node-sass@4.12.0 install C:\Users\ksingh318\SPFX\node_modules\node-sass
> node scripts/install.js

Downloading binary from https://github.com/sass/node-sass/releases/download/v4.12.0/win32-x64-64_binding.node
Download complete..] - :
Binary saved to C:\Users\ksingh318\SPFX\node_modules\node-sass\vendor\win32-x64-64\binding.node
Caching binary to C:\Users\ksingh318\AppData\Roaming\npm-cache\node-sass\4.12.0\win32-x64-64_binding.node

> core-js@2.6.12 postinstall C:\Users\ksingh318\SPFX\node_modules\core-js
> node -e "try{require('./postinstall')}catch(e){}"

Thank you for using core-js ( https://github.com/zloirock/core-js ) for polyfilling JavaScript standard library!

The project needs your help! Please consider supporting of core-js on Open Collective or Patreon:
> https://opencollective.com/core-js
> https://www.patreon.com/zloirock

Also, the author of core-js ( https://github.com/zloirock ) is looking for a good job -)


> uglifyjs-webpack-plugin@0.4.6 postinstall C:\Users\ksingh318\SPFX\node_modules\uglifyjs-webpack-plugin
> node lib/post_install.js


> node-sass@4.12.0 postinstall C:\Users\ksingh318\SPFX\node_modules\node-sass
> node scripts/build.js

Binary found at C:\Users\ksingh318\SPFX\node_modules\node-sass\vendor\win32-x64-64\binding.node
Testing binary
Binary is fine
npm WARN optional SKIPPING OPTIONAL DEPENDENCY: fsevents@^1.2.7 (node_modules\chokidar\node_modules\fsevents):
npm WARN notsup SKIPPING OPTIONAL DEPENDENCY: Unsupported platform for fsevents@1.2.13: wanted {"os":"darwin","arch":"any"} (current: {"os":"win32","arch":"x64"})
npm WARN optional SKIPPING OPTIONAL DEPENDENCY: fsevents@~2.3.1 (node_modules\watchpack\node_modules\chokidar\node_modules\fsevents):
npm WARN notsup SKIPPING OPTIONAL DEPENDENCY: Unsupported platform for fsevents@2.3.2: wanted {"os":"darwin","arch":"any"} (current: {"os":"win32","arch":"x64"})
npm WARN ajv-keywords@3.5.2 requires a peer of ajv@^6.9.1 but none is installed. You must install peer dependencies yourself.
npm WARN uglifyjs-webpack-plugin@0.4.6 requires a peer of webpack@^1.9 || ^2 || ^2.1.0-beta || ^2.2.0-rc || ^3.0.0 but none is installed. You must install peer dependencies yourself.

added 1473 packages from 990 contributors, updated 4 packages, moved 1 package and audited 1809 packages in 396.154s

38 packages are looking for funding
  run `npm fund` for details

found 2043 vulnerabilities (1975 low, 13 moderate, 55 high)
  run `npm audit fix` to fix them, or `npm audit` for details

      _=+#####!
   ###########|       .--------------------------------------.
   ###/    (##|(@)    |           Congratulations!           |
   ###  ######|   \   |  Solution first-project is created.  |
   ###/   /###|   (@) |    Run gulp serve to play with it!   |
   #######  ##|   /   '--------------------------------------'
   ###     /##|(@)
   ###########|
      **=+####!


C:\Users\ksingh318\SPFX>gulp trust-dev-cert
Build target: DEBUG
[13:08:20] Using gulpfile ~\SPFX\gulpfile.js
[13:08:20] Starting gulp
[13:08:20] Starting 'trust-dev-cert'...
[13:08:20] Starting subtask 'configure-sp-build-rig'...
[13:08:20] Finished subtask 'configure-sp-build-rig' after 33 ms
[13:08:20] Starting subtask 'trust-cert'...
[13:08:24] [trust-cert] Attempting to trust a dev certificate. This self-signed certificate only points to localhost and will be stored in your local user profile to be used by other instances of gulp-core-build-serve. If you do not consent to trust this certificate, click "NO" in the dialog.
[13:08:27] Finished subtask 'trust-cert' after 7.16 s
[13:08:27] Finished 'trust-dev-cert' after 7.2 s
[13:08:28] ==================[ Finished ]==================
[13:08:29] Project first-project version:0.0.1
[13:08:29] Build tools version:3.12.1
[13:08:29] Node version:v10.24.1
[13:08:29] Total duration:18 s

C:\Users\ksingh318\SPFX>code .

C:\Users\ksingh318\SPFX>
